// Jest Snapshot v1, https://goo.gl/fbAQLP

exports[`components ListItem default should have proper displayName attribute 1`] = `"ListItem"`;
