// Jest Snapshot v1, https://goo.gl/fbAQLP

exports[`components OrderedList default should have proper displayName attribute 1`] = `"OrderedList"`;
