// Jest Snapshot v1, https://goo.gl/fbAQLP

exports[`UnorderedList default should have proper displayName attribute 1`] = `"UnorderedList"`;
