// Jest Snapshot v1, https://goo.gl/fbAQLP

exports[`components Paragraph default should have proper displayName attribute 1`] = `"Paragraph"`;
