// Jest Snapshot v1, https://goo.gl/fbAQLP

exports[`Emphasis default should have proper displayName attribute 1`] = `"Emphasis"`;
