// Jest Snapshot v1, https://goo.gl/fbAQLP

exports[`components Idiomatic default should have proper displayName attribute 1`] = `"Idiomatic"`;
