// Jest Snapshot v1, https://goo.gl/fbAQLP

exports[`components Inserted default should have proper displayName attribute 1`] = `"Inserted"`;
