// Jest Snapshot v1, https://goo.gl/fbAQLP

exports[`Strong default should have proper displayName attribute 1`] = `"Strong"`;
