// Jest Snapshot v1, https://goo.gl/fbAQLP

exports[`components Subscript default should have proper displayName attribute 1`] = `"Subscript"`;
