// Jest Snapshot v1, https://goo.gl/fbAQLP

exports[`components Superscript default should have proper displayName attribute 1`] = `"Superscript"`;
