// Jest Snapshot v1, https://goo.gl/fbAQLP

exports[`components Text default should have proper displayName attribute 1`] = `"Text"`;
