// Jest Snapshot v1, https://goo.gl/fbAQLP

exports[`Anchor default should have proper displayName attribute 1`] = `"Anchor"`;
