// Jest Snapshot v1, https://goo.gl/fbAQLP

exports[`Box default should have proper displayName attribute 1`] = `"Box"`;
