// Jest Snapshot v1, https://goo.gl/fbAQLP

exports[`components Radio default should have proper displayName attribute 1`] = `"Radio"`;
