// Jest Snapshot v1, https://goo.gl/fbAQLP

exports[`components RadioGroup default should have proper displayName attribute 1`] = `"RadioGroup"`;
