// Jest Snapshot v1, https://goo.gl/fbAQLP

exports[`components RadioButtonGroup default should have proper displayName attribute 1`] = `"RadioButtonGroup"`;
