// Jest Snapshot v1, https://goo.gl/fbAQLP

exports[`RadioButton default should have proper displayName attribute 1`] = `"RadioButton"`;
