// Jest Snapshot v1, https://goo.gl/fbAQLP

exports[`components BackgroundColorConsumer default should have proper displayName attribute 1`] = `"BackgroundColorConsumer"`;
