// Jest Snapshot v1, https://goo.gl/fbAQLP

exports[`Label default should have proper displayName attribute 1`] = `"Label"`;
