// Jest Snapshot v1, https://goo.gl/fbAQLP

exports[`Input default should have proper displayName attribute 1`] = `"Input"`;
