// Jest Snapshot v1, https://goo.gl/fbAQLP

exports[`H1 default should have proper displayName attribute 1`] = `"H1"`;
