// Jest Snapshot v1, https://goo.gl/fbAQLP

exports[`H3 default should have proper displayName attribute 1`] = `"H3"`;
