// Jest Snapshot v1, https://goo.gl/fbAQLP

exports[`Heading default should have proper displayName attribute 1`] = `"Heading"`;
