// Jest Snapshot v1, https://goo.gl/fbAQLP

exports[`components AntDesignIcon default should have proper displayName attribute 1`] = `"AntDesignIcon"`;
