// Jest Snapshot v1, https://goo.gl/fbAQLP

exports[`BoxIcon default should have proper displayName attribute 1`] = `"BoxIcon"`;
