// Jest Snapshot v1, https://goo.gl/fbAQLP

exports[`components DevIcon default should have proper displayName attribute 1`] = `"DevIcon"`;
