// Jest Snapshot v1, https://goo.gl/fbAQLP

exports[`components FeatherIcon default should have proper displayName attribute 1`] = `"FeatherIcon"`;
