// Jest Snapshot v1, https://goo.gl/fbAQLP

exports[`components FlatColorIcon default should have proper displayName attribute 1`] = `"FlatColorIcon"`;
