// Jest Snapshot v1, https://goo.gl/fbAQLP

exports[`components MaterialDesignIcon default should have proper displayName attribute 1`] = `"MaterialDesignIcon"`;
