// Jest Snapshot v1, https://goo.gl/fbAQLP

exports[`Cell default should have proper displayName attribute 1`] = `"Cell"`;
