// Jest Snapshot v1, https://goo.gl/fbAQLP

exports[`Grid default should have proper displayName attribute 1`] = `"Grid"`;
