// Jest Snapshot v1, https://goo.gl/fbAQLP

exports[`Separator default should have proper displayName attribute 1`] = `"Separator"`;
