// Jest Snapshot v1, https://goo.gl/fbAQLP

exports[`Article default should have proper displayName attribute 1`] = `"Article"`;
