// Jest Snapshot v1, https://goo.gl/fbAQLP

exports[`components Button default should have proper displayName attribute 1`] = `"Button"`;
